// Jest Snapshot v1, https://goo.gl/fbAQLP

exports[`should get the correct relative path 1`] = `
Object {
  "mutation_test": "__tests__",
  "type": "../type",
}
`;
